Login successful (redirected)
Visited index.php, ended up at: http://localhost/furshield/dashboard//index.php (HTTP 404)
